<html>
<body>
<pre>
<h1>µVision Build Log</h1>
<h2>Project:</h2>
C:\Keil\Labware\Stepper_Motor_Car\Stepper_Motor_Control.uvproj
Project File Date:  12/06/2021

<h2>Output:</h2>
Build target 'StepperMotor'
compiling main.c...
linking...
Program Size: Code=2208 RO-data=380 RW-data=16 ZI-data=1120  
".\StepperMotor.axf" - 0 Error(s), 0 Warning(s).
.
Not enough information to list image symbols.
Finished: 1 information, 0 warning and 1 error messages.
".\StepperMotor.axf" - 1 Error(s), 0 Warning(s).
Target not created
s).
Target not created
iled!, error code=&d
Error: Flash Download failed  -  Target DLL has been cancelled
Load "C:\\Keil\\Labware\\Stepper_Motor_Car\\StepperMotor.axf" 
Connecting: Mode=JTAG, Speed=1000000Hz
Erase Done.
Programming Done.
Verify OK.
