<html>
<body>
<pre>
<h1>µVision Build Log</h1>
<h2>Project:</h2>
C:\Keil\Labware\Lab5_FunctionsInC - Copy\DHT11.uvproj
Project File Date:  07/09/2022

<h2>Output:</h2>
Build target 'DHT11'
linking...
Program Size: Code=2608 RO-data=776 RW-data=80 ZI-data=1656  
".\DHT11.axf" - 0 Error(s), 0 Warning(s).
Load "C:\\Keil\\Labware\\Lab5_FunctionsInC - Copy\\DHT11.axf" 
Connecting: Mode=JTAG, Speed=1000000Hz
Erase Done.
Programming Done.
Verify OK.
</pre>
</body>
</html>
y\\DHT11.axf" 
Connecting: Mode=JTAG, Speed=1000000Hz
Erase Done.
Programming Done.
Verify OK.
), 1 Warning(s).
Target not created
ata=776 RW-data=48 ZI-data=1656  
".\DHT11.axf" - 0 Error(s), 3 Warning(s).
Load "C:\\Keil\\Labware\\Lab5_FunctionsInC - Copy\\DHT11.axf" 
Connecting: Mode=JTAG, Speed=1000000Hz
Erase Done.
Programming Done.
Verify OK.
Load "C:\\Keil\\Labware\\Lab5_FunctionsInC - Copy\\DHT11.axf" 
Connecting: Mode=JTAG, Speed=1000000Hz
Erase Done.
Programming Done.
Verify OK.
Done.
Programming Done.
Verify OK.
Load "C:\\Keil\\Labware\\Lab5_FunctionsInC - Copy\\DHT11.axf" 
Connecting: Mode=JTAG, Speed=1000000Hz
Erase Done.
Programming Done.
Verify OK.
