<html>
<body>
<pre>
<h1>µVision Build Log</h1>
<h2>Project:</h2>
C:\Users\sapko\Downloads\Embedded Projects\HC-SR04 Distance Sensor\HC_SR04_Sensor.uvproj
Project File Date:  06/26/2022

<h2>Output:</h2>
Build target 'distSense'
compiling main.c...
main.c(63): warning:  #111-D: statement is unreachable
        if(distance < 5)
main.c(33): warning:  #177-D: variable "pulseWidth" was declared but never referenced
        uint32_t pulseWidth = 0;
main.c: 2 warnings, 0 errors
linking...
Program Size: Code=1736 RO-data=16 RW-data=0 ZI-data=1120  
".\distSense.axf" - 0 Error(s), 2 Warning(s).
</pre>
</body>
</html>
