<html>
<body>
<pre>
<h1>µVision Build Log</h1>
<h2>Project:</h2>
C:\Users\sapko\Downloads\Embedded Projects\HC-SR04 Distance Sensor\HC_SR04_Sensor.uvproj
Project File Date:  07/07/2022

<h2>Output:</h2>
Build target 'distSense'
compiling main.c...
main.c(143): warning:  #550-D: variable "delay" was set but never used
        int delay;
main.c: 1 warning, 0 errors
linking...
Program Size: Code=3116 RO-data=32 RW-data=8 ZI-data=1120  
".\distSense.axf" - 0 Error(s), 1 Warning(s).
Load "C:\\Users\\sapko\\Downloads\\Embedded Projects\\HC-SR04 Distance Sensor\\distSense.axf" 
Connecting: Mode=JTAG, Speed=1000000Hz
Erase Done.
Programming Done.
Verify OK.
</pre>
</body>
</html>
tSense.axf" 
Connecting: Mode=JTAG, Speed=1000000Hz
Erase Done.
Programming Done.
Verify OK.
